com/zshop/helper/utils/RemoteCache.class
com/zshop/helper/utils/messaging/model/AttributeScore.class
com/zshop/helper/utils/HtmlUtils.class
com/zshop/helper/utils/SeoUtils$SeoCacheResponse$SeoCacheResponseBuilder.class
com/zshop/helper/utils/strategy/StrategyProcessEngineApplicationContext.class
com/zshop/helper/utils/request/MessagingRequest$MessagingRequestBuilder.class
com/zshop/helper/utils/HelperBusinessConstantsEnumUtils$ShowElkOperationConstants.class
com/zshop/helper/utils/messaging/model/Score$ScoreBuilder.class
com/zshop/helper/utils/enums/ShowStatusEnum.class
com/zshop/helper/utils/SeoUtils$SeoBuilder.class
com/zshop/helper/utils/ShowConstraintUtils.class
com/zshop/helper/utils/request/CacheImplementationRequest.class
com/zshop/helper/utils/request/ElkStatusSyncRequest.class
com/zshop/helper/utils/MathUtils.class
com/zshop/helper/utils/TimeIntervalUtils$6.class
com/zshop/helper/utils/response/Response.class
com/zshop/helper/config/UrlPathsConfig.class
com/zshop/helper/utils/PeriodSnapshot.class
com/zshop/helper/utils/HelperBusinessConstantsEnumUtils$UserConstants.class
com/zshop/helper/utils/messaging/model/Score.class
com/zshop/helper/utils/ServiceUtils.class
com/zshop/helper/utils/HelperBusinessConstantsEnumUtils$TokenConstants.class
com/zshop/helper/utils/request/ElkShowBuilder.class
com/zshop/helper/utils/HelperBusinessConstantsEnumUtils$PromotionsConstants.class
com/zshop/helper/utils/messaging/model/AttributeType.class
com/zshop/helper/utils/TimeIntervalUtils$3.class
com/zshop/helper/utils/enums/VmFileEnum$Shows.class
com/zshop/helper/utils/SeoUtils$SeoCacheResponse.class
com/zshop/helper/utils/request/CacheRequest.class
com/zshop/helper/exception/dao/DaoException.class
com/zshop/helper/utils/messaging/model/SpanScore$SpanScoreBuilder.class
com/zshop/helper/utils/TimeIntervalUtils$DateFilterDto$DateFilterDtoBuilder.class
com/zshop/helper/utils/response/SmsResponse.class
com/zshop/helper/utils/request/FormDataBuilder$FormDataBuilderBuilder.class
com/zshop/helper/utils/ReflectionUtils.class
com/zshop/helper/utils/TimeIntervalUtils.class
com/zshop/helper/utils/cache/AbstractCache.class
com/zshop/helper/utils/DateUtils.class
com/zshop/helper/utils/HelperBusinessConstantsEnumUtils$SellerConstants.class
com/zshop/helper/utils/HelperBusinessConstantsEnumUtils$ErrorConstants.class
com/zshop/helper/exception/business/BusinessException.class
com/zshop/helper/utils/messaging/model/Entry.class
com/zshop/helper/utils/TimeIntervalUtils$2.class
com/zshop/helper/utils/strategy/StrategyFactory.class
com/zshop/helper/utils/response/ErrorResponse.class
com/zshop/helper/utils/enums/VmFileEnum$SellerOnboarding.class
com/zshop/helper/utils/strategy/Strategy.class
com/zshop/helper/utils/enums/ElkStatusSyncEvents.class
com/zshop/helper/exception/business/NotFoundException.class
com/zshop/helper/utils/enums/ElkStatusSyncType.class
com/zshop/helper/config/CacheServiceConfig.class
com/zshop/helper/utils/TimeIntervalUtils$1.class
com/zshop/helper/utils/request/MessagingRequest.class
com/zshop/helper/utils/HelperBusinessConstantsEnumUtils$ShowTypeEnum.class
com/zshop/helper/utils/enums/TimeUnitsEnum.class
com/zshop/helper/utils/enums/HelperEnum.class
com/zshop/helper/utils/ElkBroadcastUtils.class
com/zshop/helper/utils/SeoUtils$SeoBuilder$SeoBuilderBuilder.class
com/zshop/helper/utils/messaging/model/AttributeScore$AttributeScoreBuilder.class
com/zshop/helper/utils/BaseRequest.class
com/zshop/helper/utils/HelperBusinessConstantsEnumUtils$EmailContent.class
com/zshop/helper/config/ShowBroadcastConfig.class
com/zshop/helper/utils/response/EmailServiceResponse.class
com/zshop/helper/utils/messaging/model/Context$ContextBuilder.class
com/zshop/helper/utils/HelperBusinessConstantsEnumUtils$OTPConstants.class
com/zshop/helper/utils/StatusCodeEnum.class
com/zshop/helper/utils/response/CacheResponse.class
com/zshop/helper/utils/BaseResponse.class
com/zshop/helper/utils/messaging/model/Context.class
com/zshop/helper/utils/messaging/model/AnalyzeCommentRequest$1.class
com/zshop/helper/utils/HelperBusinessConstantsEnumUtils$ShowConstraint.class
com/zshop/helper/exception/server/ServiceException.class
com/zshop/helper/utils/GsonInclusionExclusionUtils.class
com/zshop/helper/utils/NullAwareBeanUtilsBean.class
com/zshop/helper/utils/HelperBusinessConstantsEnumUtils.class
com/zshop/helper/utils/messaging/model/SpanScore.class
com/zshop/helper/utils/messaging/model/Entry$EntryBuilder.class
com/zshop/helper/utils/TimeIntervalUtils$4.class
com/zshop/helper/utils/TimeIntervalUtils$7.class
com/zshop/helper/utils/messaging/model/AnalyzeCommentResponse$AnalyzeCommentResponseBuilder.class
com/zshop/helper/utils/enums/CommunicationTypeEnum.class
com/zshop/helper/utils/messaging/model/RequestedAttribute$RequestedAttributeBuilder.class
com/zshop/helper/utils/SeoUtils.class
com/zshop/helper/utils/RedisService.class
com/zshop/helper/utils/messaging/model/RequestedAttribute.class
com/zshop/helper/utils/MessageFilterUtils.class
com/zshop/helper/utils/HelperBusinessConstantsEnumUtils$ApprovalConstants.class
com/zshop/helper/utils/response/CacheImplementationResponse.class
com/zshop/helper/utils/messaging/model/ScoreType.class
com/zshop/helper/utils/StringUtils.class
com/zshop/helper/utils/request/SmsRequest.class
com/zshop/helper/utils/strategy/StrategyPattern.class
com/zshop/helper/utils/response/StatusEnum.class
com/zshop/helper/utils/request/ElkShowBuilder$ElkShowBuilderBuilder.class
com/zshop/helper/utils/BaseResponseBuilder.class
com/zshop/helper/utils/HelperBusinessConstantsEnumUtils$ShowDeferred.class
com/zshop/helper/utils/messaging/model/AnalyzeCommentRequest.class
com/zshop/helper/utils/TimeIntervalUtils$DateFilterDto.class
com/zshop/helper/utils/request/FormDataBuilder.class
com/zshop/helper/utils/request/PageRequest.class
com/zshop/helper/exception/utils/ExceptionUtil.class
com/zshop/helper/utils/TimeIntervalUtils$5.class
com/zshop/helper/utils/HelperBusinessConstantsEnumUtils$SeoConstants.class
com/zshop/helper/utils/BaseRequest$BaseRequestBuilder.class
com/zshop/helper/utils/template/factory/AbstractTemplate.class
com/zshop/helper/utils/messaging/model/ContentType.class
com/zshop/helper/model/Topics.class
com/zshop/helper/utils/validation/NumberFormatValidation.class
com/zshop/helper/utils/messaging/model/AnalyzeCommentResponse.class
com/zshop/helper/utils/request/WhatsappRequest.class
com/zshop/helper/utils/RedisServiceImpl.class
com/zshop/helper/utils/request/EmailServiceRequest.class
com/zshop/helper/utils/messaging/model/WebPurifyProfenityConfig.class
com/zshop/helper/utils/GsonUtils.class
com/zshop/helper/utils/request/ElkStatusSyncRequest$ElkStatusSyncRequestBuilder.class
com/zshop/helper/utils/FileUploadServiceUtils.class
com/zshop/helper/exception/BaseException.class
com/zshop/helper/utils/template/factory/AbstractFactoryBuilder.class
com/zshop/helper/utils/messaging/model/AnalyzeCommentRequest$Builder.class
com/zshop/helper/utils/enums/VmFileEnum.class
com/zshop/helper/utils/HelperBusinessConstantsEnumUtils$KeyValueConstants.class
com/zshop/helper/utils/ConversionUtils.class
