/home/abhipreet/Documents/gcp-related-repos/helper-utility/src/main/java/com/zshop/helper/utils/request/PageRequest.java
/home/abhipreet/Documents/gcp-related-repos/helper-utility/src/main/java/com/zshop/helper/utils/messaging/model/WebPurifyProfenityConfig.java
/home/abhipreet/Documents/gcp-related-repos/helper-utility/src/main/java/com/zshop/helper/model/Topics.java
/home/abhipreet/Documents/gcp-related-repos/helper-utility/src/main/java/com/zshop/helper/utils/request/CacheImplementationRequest.java
/home/abhipreet/Documents/gcp-related-repos/helper-utility/src/main/java/com/zshop/helper/utils/response/SmsResponse.java
/home/abhipreet/Documents/gcp-related-repos/helper-utility/src/main/java/com/zshop/helper/utils/cache/AbstractCache.java
/home/abhipreet/Documents/gcp-related-repos/helper-utility/src/main/java/com/zshop/helper/utils/messaging/model/Score.java
/home/abhipreet/Documents/gcp-related-repos/helper-utility/src/main/java/com/zshop/helper/utils/BaseResponse.java
/home/abhipreet/Documents/gcp-related-repos/helper-utility/src/main/java/com/zshop/helper/utils/request/ElkStatusSyncRequest.java
/home/abhipreet/Documents/gcp-related-repos/helper-utility/src/main/java/com/zshop/helper/utils/HtmlUtils.java
/home/abhipreet/Documents/gcp-related-repos/helper-utility/src/main/java/com/zshop/helper/exception/dao/DaoException.java
/home/abhipreet/Documents/gcp-related-repos/helper-utility/src/main/java/com/zshop/helper/utils/template/factory/AbstractTemplate.java
/home/abhipreet/Documents/gcp-related-repos/helper-utility/src/main/java/com/zshop/helper/utils/messaging/model/AttributeType.java
/home/abhipreet/Documents/gcp-related-repos/helper-utility/src/main/java/com/zshop/helper/utils/PeriodSnapshot.java
/home/abhipreet/Documents/gcp-related-repos/helper-utility/src/main/java/com/zshop/helper/utils/enums/TimeUnitsEnum.java
/home/abhipreet/Documents/gcp-related-repos/helper-utility/src/main/java/com/zshop/helper/utils/RemoteCache.java
/home/abhipreet/Documents/gcp-related-repos/helper-utility/src/main/java/com/zshop/helper/utils/DateUtils.java
/home/abhipreet/Documents/gcp-related-repos/helper-utility/src/main/java/com/zshop/helper/exception/server/ServiceException.java
/home/abhipreet/Documents/gcp-related-repos/helper-utility/src/main/java/com/zshop/helper/utils/BaseResponseBuilder.java
/home/abhipreet/Documents/gcp-related-repos/helper-utility/src/main/java/com/zshop/helper/utils/messaging/model/AttributeScore.java
/home/abhipreet/Documents/gcp-related-repos/helper-utility/src/main/java/com/zshop/helper/utils/request/CacheRequest.java
/home/abhipreet/Documents/gcp-related-repos/helper-utility/src/main/java/com/zshop/helper/utils/SeoUtils.java
/home/abhipreet/Documents/gcp-related-repos/helper-utility/src/main/java/com/zshop/helper/exception/utils/ExceptionUtil.java
/home/abhipreet/Documents/gcp-related-repos/helper-utility/src/main/java/com/zshop/helper/utils/RedisService.java
/home/abhipreet/Documents/gcp-related-repos/helper-utility/src/main/java/com/zshop/helper/utils/enums/ShowStatusEnum.java
/home/abhipreet/Documents/gcp-related-repos/helper-utility/src/main/java/com/zshop/helper/utils/response/Response.java
/home/abhipreet/Documents/gcp-related-repos/helper-utility/src/main/java/com/zshop/helper/utils/enums/VmFileEnum.java
/home/abhipreet/Documents/gcp-related-repos/helper-utility/src/main/java/com/zshop/helper/exception/business/NotFoundException.java
/home/abhipreet/Documents/gcp-related-repos/helper-utility/src/main/java/com/zshop/helper/utils/messaging/model/ScoreType.java
/home/abhipreet/Documents/gcp-related-repos/helper-utility/src/main/java/com/zshop/helper/utils/ServiceUtils.java
/home/abhipreet/Documents/gcp-related-repos/helper-utility/src/main/java/com/zshop/helper/utils/messaging/model/Entry.java
/home/abhipreet/Documents/gcp-related-repos/helper-utility/src/main/java/com/zshop/helper/utils/response/CacheImplementationResponse.java
/home/abhipreet/Documents/gcp-related-repos/helper-utility/src/main/java/com/zshop/helper/utils/messaging/model/AnalyzeCommentResponse.java
/home/abhipreet/Documents/gcp-related-repos/helper-utility/src/main/java/com/zshop/helper/utils/NullAwareBeanUtilsBean.java
/home/abhipreet/Documents/gcp-related-repos/helper-utility/src/main/java/com/zshop/helper/utils/messaging/model/AnalyzeCommentRequest.java
/home/abhipreet/Documents/gcp-related-repos/helper-utility/src/main/java/com/zshop/helper/utils/request/EmailServiceRequest.java
/home/abhipreet/Documents/gcp-related-repos/helper-utility/src/main/java/com/zshop/helper/utils/template/factory/AbstractFactoryBuilder.java
/home/abhipreet/Documents/gcp-related-repos/helper-utility/src/main/java/com/zshop/helper/utils/messaging/model/Context.java
/home/abhipreet/Documents/gcp-related-repos/helper-utility/src/main/java/com/zshop/helper/config/ShowBroadcastConfig.java
/home/abhipreet/Documents/gcp-related-repos/helper-utility/src/main/java/com/zshop/helper/utils/request/SmsRequest.java
/home/abhipreet/Documents/gcp-related-repos/helper-utility/src/main/java/com/zshop/helper/utils/MathUtils.java
/home/abhipreet/Documents/gcp-related-repos/helper-utility/src/main/java/com/zshop/helper/config/UrlPathsConfig.java
/home/abhipreet/Documents/gcp-related-repos/helper-utility/src/main/java/com/zshop/helper/utils/ReflectionUtils.java
/home/abhipreet/Documents/gcp-related-repos/helper-utility/src/main/java/com/zshop/helper/utils/response/ErrorResponse.java
/home/abhipreet/Documents/gcp-related-repos/helper-utility/src/main/java/com/zshop/helper/utils/MessageFilterUtils.java
/home/abhipreet/Documents/gcp-related-repos/helper-utility/src/main/java/com/zshop/helper/utils/ShowConstraintUtils.java
/home/abhipreet/Documents/gcp-related-repos/helper-utility/src/main/java/com/zshop/helper/exception/BaseException.java
/home/abhipreet/Documents/gcp-related-repos/helper-utility/src/main/java/com/zshop/helper/utils/StringUtils.java
/home/abhipreet/Documents/gcp-related-repos/helper-utility/src/main/java/com/zshop/helper/utils/ElkBroadcastUtils.java
/home/abhipreet/Documents/gcp-related-repos/helper-utility/src/main/java/com/zshop/helper/config/CacheServiceConfig.java
/home/abhipreet/Documents/gcp-related-repos/helper-utility/src/main/java/com/zshop/helper/utils/enums/ElkStatusSyncEvents.java
/home/abhipreet/Documents/gcp-related-repos/helper-utility/src/main/java/com/zshop/helper/utils/validation/NumberFormatValidation.java
/home/abhipreet/Documents/gcp-related-repos/helper-utility/src/main/java/com/zshop/helper/utils/request/ElkShowBuilder.java
/home/abhipreet/Documents/gcp-related-repos/helper-utility/src/main/java/com/zshop/helper/utils/strategy/StrategyPattern.java
/home/abhipreet/Documents/gcp-related-repos/helper-utility/src/main/java/com/zshop/helper/utils/response/EmailServiceResponse.java
/home/abhipreet/Documents/gcp-related-repos/helper-utility/src/main/java/com/zshop/helper/utils/messaging/model/RequestedAttribute.java
/home/abhipreet/Documents/gcp-related-repos/helper-utility/src/main/java/com/zshop/helper/utils/FileUploadServiceUtils.java
/home/abhipreet/Documents/gcp-related-repos/helper-utility/src/main/java/com/zshop/helper/utils/response/CacheResponse.java
/home/abhipreet/Documents/gcp-related-repos/helper-utility/src/main/java/com/zshop/helper/exception/business/BusinessException.java
/home/abhipreet/Documents/gcp-related-repos/helper-utility/src/main/java/com/zshop/helper/utils/strategy/StrategyFactory.java
/home/abhipreet/Documents/gcp-related-repos/helper-utility/src/main/java/com/zshop/helper/utils/TimeIntervalUtils.java
/home/abhipreet/Documents/gcp-related-repos/helper-utility/src/main/java/com/zshop/helper/utils/StatusCodeEnum.java
/home/abhipreet/Documents/gcp-related-repos/helper-utility/src/main/java/com/zshop/helper/utils/response/StatusEnum.java
/home/abhipreet/Documents/gcp-related-repos/helper-utility/src/main/java/com/zshop/helper/utils/GsonUtils.java
/home/abhipreet/Documents/gcp-related-repos/helper-utility/src/main/java/com/zshop/helper/utils/strategy/Strategy.java
/home/abhipreet/Documents/gcp-related-repos/helper-utility/src/main/java/com/zshop/helper/utils/enums/HelperEnum.java
/home/abhipreet/Documents/gcp-related-repos/helper-utility/src/main/java/com/zshop/helper/utils/messaging/model/SpanScore.java
/home/abhipreet/Documents/gcp-related-repos/helper-utility/src/main/java/com/zshop/helper/utils/strategy/StrategyProcessEngineApplicationContext.java
/home/abhipreet/Documents/gcp-related-repos/helper-utility/src/main/java/com/zshop/helper/utils/messaging/model/ContentType.java
/home/abhipreet/Documents/gcp-related-repos/helper-utility/src/main/java/com/zshop/helper/utils/ConversionUtils.java
/home/abhipreet/Documents/gcp-related-repos/helper-utility/src/main/java/com/zshop/helper/utils/GsonInclusionExclusionUtils.java
/home/abhipreet/Documents/gcp-related-repos/helper-utility/src/main/java/com/zshop/helper/utils/HelperBusinessConstantsEnumUtils.java
/home/abhipreet/Documents/gcp-related-repos/helper-utility/src/main/java/com/zshop/helper/utils/request/WhatsappRequest.java
/home/abhipreet/Documents/gcp-related-repos/helper-utility/src/main/java/com/zshop/helper/utils/request/FormDataBuilder.java
/home/abhipreet/Documents/gcp-related-repos/helper-utility/src/main/java/com/zshop/helper/utils/enums/CommunicationTypeEnum.java
/home/abhipreet/Documents/gcp-related-repos/helper-utility/src/main/java/com/zshop/helper/utils/request/MessagingRequest.java
/home/abhipreet/Documents/gcp-related-repos/helper-utility/src/main/java/com/zshop/helper/utils/RedisServiceImpl.java
/home/abhipreet/Documents/gcp-related-repos/helper-utility/src/main/java/com/zshop/helper/utils/enums/ElkStatusSyncType.java
/home/abhipreet/Documents/gcp-related-repos/helper-utility/src/main/java/com/zshop/helper/utils/BaseRequest.java
